┌─ open_rust_mc — hardware profile ─
│ RAM 31.7 GB, 14p/20l cores, L1 288 KB / L2 1280 KB / L3 24576 KB, GPU 4.0 GB (sm_86)
│ Rayon pool: 20 threads (logical cores). SIMD path: avx2+fma.
│ Host nuclide cache budget: 23.8 GB (75%× detected RAM).
│ GPU bundle cache budget: 3.0 GB (75% of 4.0 GB VRAM).
└──
Sweeping 7 case(s) on CPU runner
  CLI overrides: batches=150 (explicit), inactive=40 (explicit), particles=100000 (explicit), seeds=5 (explicit), base_seed=42, rank=15
  per-case settings: explicit CLI flag > JSON `benchmark.recommended_settings` > built-in default
  CPU runner: any `gpu_auto_refill` / `gpu_refill_pool_factor` in JSON is ignored (no analog needed; rayon work-stealing saturates cores).
  preload: 20/20 nuclide weights resolved (20.3s). Top 5: Z=26054@294K*52, Z=26056@294K*52, Z=26057@294K*52, Z=26058@294K*52, Z=92235@294K*45
  CSV (append, flushed per case): outputs\icsbep_heucinter003_viii1_cpu.csv
  stop-file (create to terminate gracefully): outputs\STOP

heu-comp-inter-003_case-1: PASS -- k=1.01115+/-0.00035, delta=+443pcm, bound=+/-1142pcm, 0.78sigma, 723.7s (5seed x 150b x 40i x 100000p) [1/7]
  Thermal: c_Be  nuclides=["Be0", "Be9"]  energy_max=4.90 eV  AWR=8.935
  Temperatures: ["77K", "100K", "294K", "296K", "400K", "500K", "600K", "700K", "800K", "1000K", "1200K"]
    Continuous: 109 inc energies, 56289 E_out pts, 900624 mu pts
    77K inelastic: 109 energies, type=incoherent_inelastic
    Continuous: 109 inc energies, 61870 E_out pts, 989920 mu pts
    100K inelastic: 109 energies, type=incoherent_inelastic
    Continuous: 109 inc energies, 71841 E_out pts, 1149456 mu pts
    294K inelastic: 109 energies, type=incoherent_inelastic
    Continuous: 109 inc energies, 71910 E_out pts, 1150560 mu pts
    296K inelastic: 109 energies, type=incoherent_inelastic
    Continuous: 109 inc energies, 73132 E_out pts, 1170112 mu pts
    400K inelastic: 109 energies, type=incoherent_inelastic
    Continuous: 109 inc energies, 72951 E_out pts, 1167216 mu pts
    500K inelastic: 109 energies, type=incoherent_inelastic
    Continuous: 109 inc energies, 72400 E_out pts, 1158400 mu pts
    600K inelastic: 109 energies, type=incoherent_inelastic
    Continuous: 109 inc energies, 72104 E_out pts, 1153664 mu pts
    700K inelastic: 109 energies, type=incoherent_inelastic
    Continuous: 109 inc energies, 72174 E_out pts, 1154784 mu pts
    800K inelastic: 109 energies, type=incoherent_inelastic
    Continuous: 109 inc energies, 72916 E_out pts, 1166656 mu pts
    1000K inelastic: 109 energies, type=incoherent_inelastic
    Continuous: 109 inc energies, 71989 E_out pts, 1151824 mu pts
    1200K inelastic: 109 energies, type=incoherent_inelastic
    77K elastic: coherent, 1168 Bragg edges
    100K elastic: coherent, 1153 Bragg edges
    294K elastic: coherent, 809 Bragg edges
    296K elastic: coherent, 809 Bragg edges
    400K elastic: coherent, 647 Bragg edges
    500K elastic: coherent, 529 Bragg edges
    600K elastic: coherent, 436 Bragg edges
    700K elastic: coherent, 369 Bragg edges
    800K elastic: coherent, 318 Bragg edges
    1000K elastic: coherent, 247 Bragg edges
    1200K elastic: coherent, 196 Bragg edges
heu-comp-inter-003_case-2: FAIL -- k=1.01371+/-0.00025, delta=+1371pcm, bound=+/-1221pcm, 2.24sigma, 762.4s (5seed x 150b x 40i x 100000p) [2/7]
heu-comp-inter-003_case-3: FAIL -- k=1.01316+/-0.00017, delta=+1316pcm, bound=+/-1120pcm, 2.35sigma, 757.8s (5seed x 150b x 40i x 100000p) [3/7]
heu-comp-inter-003_case-4: PASS -- k=1.01080+/-0.00019, delta=+1080pcm, bound=+/-1101pcm, 1.96sigma, 767.8s (5seed x 150b x 40i x 100000p) [4/7]
heu-comp-inter-003_case-5: PASS -- k=1.00800+/-0.00012, delta=+800pcm, bound=+/-940pcm, 1.70sigma, 615.0s (5seed x 150b x 40i x 100000p) [5/7]
heu-comp-inter-003_case-6: PASS -- k=1.00317+/-0.00021, delta=+317pcm, bound=+/-941pcm, 0.67sigma, 738.2s (5seed x 150b x 40i x 100000p) [6/7]
heu-comp-inter-003_case-7: PASS -- k=1.00256+/-0.00010, delta=+256pcm, bound=+/-1000pcm, 0.51sigma, 858.9s (5seed x 150b x 40i x 100000p) [7/7]

  Sweep this session in 5224.0 s (87.1 min)
  Result: 5 PASS  |  2 FAIL  |  0 ERROR  (7 ran this session)

  Non-passing cases this session:
    FAIL  heu-comp-inter-003_case-2                delta= +1371 pcm  bound=+/- 1221  k_calc=1.01371  k_ref=1.00000
    FAIL  heu-comp-inter-003_case-3                delta= +1316 pcm  bound=+/- 1120  k_calc=1.01316  k_ref=1.00000

  CSV: outputs\icsbep_heucinter003_viii1_cpu.csv
  Plot: outputs\icsbep\plots\icsbep_heucinter003_viii1_cpu_delta_k_vs_ealf.png  (generating in background)
